{
    "message": "Key: 'Title' Error:Field validation for 'Title' failed on the 'reqired' tag"
}